
Lenovo@DESKTOP-H6DH4VO MINGW64 ~/Desktop/New folder (2)
$ git init
Initialized empty Git repository in C:/Users/Lenovo/Desktop/New folder (2)/.git/

Lenovo@DESKTOP-H6DH4VO MINGW64 ~/Desktop/New folder (2) (master)
$ git remote add origin "https://github.com/vinay-kumbhar/FDJ150.git"

Lenovo@DESKTOP-H6DH4VO MINGW64 ~/Desktop/New folder (2) (master)
$ git pull origin master
remote: Enumerating objects: 3, done.
remote: Counting objects: 100% (3/3), done.
remote: Total 3 (delta 0), reused 0 (delta 0), pack-reused 0
Unpacking objects: 100% (3/3), 598 bytes | 33.00 KiB/s, done.
From https://github.com/vinay-kumbhar/FDJ150
 * branch            master     -> FETCH_HEAD
 * [new branch]      master     -> origin/master

Lenovo@DESKTOP-H6DH4VO MINGW64 ~/Desktop/New folder (2) (master)
$ git add info.txt

Lenovo@DESKTOP-H6DH4VO MINGW64 ~/Desktop/New folder (2) (master)
$ git status
On branch master
Changes to be committed:
  (use "git restore --staged <file>..." to unstage)
        new file:   info.txt


Lenovo@DESKTOP-H6DH4VO MINGW64 ~/Desktop/New folder (2) (master)
$ git commit -m "info file added"
Author identity unknown

*** Please tell me who you are.

Run

  git config --global user.email "you@example.com"
  git config --global user.name "Your Name"

to set your account's default identity.
Omit --global to set the identity only in this repository.

fatal: unable to auto-detect email address (got 'Lenovo@DESKTOP-H6DH4VO.(none)')

Lenovo@DESKTOP-H6DH4VO MINGW64 ~/Desktop/New folder (2) (master)
$ git config --global user.email "veenay.kumbhar@gmail.com"

Lenovo@DESKTOP-H6DH4VO MINGW64 ~/Desktop/New folder (2) (master)
$  git config --global user.name "vinay-kumbhar"

Lenovo@DESKTOP-H6DH4VO MINGW64 ~/Desktop/New folder (2) (master)
$ git commit -m "info file added"
[master 5109ac9] info file added
 1 file changed, 1 insertion(+)
 create mode 100644 info.txt

Lenovo@DESKTOP-H6DH4VO MINGW64 ~/Desktop/New folder (2) (master)
$ git status
On branch master
nothing to commit, working tree clean

Lenovo@DESKTOP-H6DH4VO MINGW64 ~/Desktop/New folder (2) (master)
$ git push origin master
Enumerating objects: 4, done.
Counting objects: 100% (4/4), done.
Delta compression using up to 4 threads
Compressing objects: 100% (3/3), done.
Writing objects: 100% (3/3), 288 bytes | 288.00 KiB/s, done.
Total 3 (delta 0), reused 0 (delta 0), pack-reused 0
To https://github.com/vinay-kumbhar/FDJ150.git
   a3768dd..5109ac9  master -> master

Lenovo@DESKTOP-H6DH4VO MINGW64 ~/Desktop/New folder (2) (master)
$
